// Jest Snapshot v1, https://goo.gl/fbAQLP

exports[`<NavBar /> renders correctly 1`] = `
<ul
  className="navbarList"
>
  <li
    className="navbarItem"
    key="/"
  >
    <Link
      className="navbarLink"
      replace={false}
      to="/"
    >
      Hjem
    </Link>
  </li>
  <li
    className="navbarItem"
    key="/programmer"
  >
    <Link
      className="navbarLink"
      replace={false}
      to="/programmer"
    >
      Programmer
    </Link>
  </li>
</ul>
`;
